======================================
Health Check Report - 2026-06-14 21:08:05
======================================
Uptime:
======================================
Health Check Report - 2026-06-14 23:07:08
======================================
Uptime:
 23:07:08 up  1:17,  1 user,  load average: 0.12, 0.25, 0.26

Disk Usage:
Filesystem      Size  Used Avail Use% Mounted on
none            7.8G     0  7.8G   0% /usr/lib/modules/6.18.33.1-microsoft-standard-WSL2
none            7.8G  4.0K  7.8G   1% /mnt/wsl
drivers         931G  854G   77G  92% /usr/lib/wsl/drivers
/dev/sde       1007G   19G  938G   2% /
none            7.8G   40K  7.8G   1% /mnt/wslg
none            7.8G     0  7.8G   0% /usr/lib/wsl/lib
rootfs          7.8G  2.8M  7.8G   1% /init
none            7.8G  1.4M  7.8G   1% /run
none            7.8G     0  7.8G   0% /run/lock
none            7.8G     0  7.8G   0% /run/shm
none            7.8G   80K  7.8G   1% /mnt/wslg/versions.txt
none            7.8G   80K  7.8G   1% /mnt/wslg/doc
C:\             931G  854G   77G  92% /mnt/c
E:\             500M   33M  468M   7% /mnt/e
F:\             465G  232G  234G  50% /mnt/f
snapfuse        165M  165M     0 100% /snap/microk8s/8511
snapfuse         64M   64M     0 100% /snap/core20/2769
snapfuse         64M   64M     0 100% /snap/core20/2686
snapfuse         49M   49M     0 100% /snap/snapd/26382
snapfuse        165M  165M     0 100% /snap/microk8s/8702
snapfuse         50M   50M     0 100% /snap/snapd/26865
tmpfs           1.6G   20K  1.6G   1% /run/user/1006
shm              64M     0   64M   0% /var/snap/microk8s/common/run/containerd/io.containerd.grpc.v1.cri/sandboxes/53ff1580e05f8d4d4465cfbdf5b063d68d970ccef311fb1b935c9c7a77e3bf2a/shm
shm              64M     0   64M   0% /var/snap/microk8s/common/run/containerd/io.containerd.grpc.v1.cri/sandboxes/c6b32d542a96925ee3a5b5b293613ac275b1b34cfe11e9898ac877836a07d5d5/shm
shm              64M     0   64M   0% /var/snap/microk8s/common/run/containerd/io.containerd.grpc.v1.cri/sandboxes/c19ea26f428e5466f9b9c2d1eb634e6cd305b2dd36494c1a9b53e83832f2a133/shm
shm              64M     0   64M   0% /var/snap/microk8s/common/run/containerd/io.containerd.grpc.v1.cri/sandboxes/89624afb4e3f9d2958ff455e9761de5e56bf04cb438b836793e6bb0b4f900480/shm
shm              64M     0   64M   0% /var/snap/microk8s/common/run/containerd/io.containerd.grpc.v1.cri/sandboxes/83d24b4aee0dd9d4b7d1b77c264ce13df004a74c7769aa9d09612f341eac96eb/shm
shm              64M     0   64M   0% /var/snap/microk8s/common/run/containerd/io.containerd.grpc.v1.cri/sandboxes/ea9c7221b30c97f0f0bc5ca8a7c1278dfa277c79aad651908087d1d1fe33848c/shm
shm              64M     0   64M   0% /var/snap/microk8s/common/run/containerd/io.containerd.grpc.v1.cri/sandboxes/afd6fae25680f002f84ff05147b1bde869c3ea4480966cd1aa0b268a961f5549/shm
shm              64M     0   64M   0% /var/snap/microk8s/common/run/containerd/io.containerd.grpc.v1.cri/sandboxes/fc04946b240efc53d1370bc7bed22536e934e59794ab70bd2f59b48d4c411c61/shm

Memory Usage:
               total        used        free      shared  buff/cache   available
Mem:            15Gi       1.8Gi        12Gi       5.1Mi       941Mi        13Gi
Swap:          4.0Gi        64Ki       4.0Gi

Top CPU Processes:
USER         PID %CPU %MEM    VSZ   RSS TTY      STAT START   TIME COMMAND
root        1416  4.4  2.4 1615120 391448 ?      Ssl  21:50   3:23 /snap/microk8s/8702/kubelite --scheduler-args-file=/var/snap/microk8s/8702/args/kube-scheduler --controller-manager-args-file=/var/snap/microk8s/8702/args/kube-controller-manager --proxy-args-file=/var/snap/microk8s/8702/args/kube-proxy --kubelet-args-file=/var/snap/microk8s/8702/args/kubelet --apiserver-args-file=/var/snap/microk8s/8702/args/kube-apiserver --kubeconfig-file=/var/snap/microk8s/8702/credentials/client.config --start-control-plane=true
root         120  1.3  0.0 751056 12432 ?        Ssl  21:50   1:02 snapfuse /var/lib/snapd/snaps/core20_2769.snap /snap/core20/2769 -o ro,nodev,allow_other,suid
root         268  1.3  1.8 1559104 295552 ?      Ssl  21:50   1:01 /snap/microk8s/8702/bin/k8s-dqlite --storage-dir=/var/snap/microk8s/8702/var/kubernetes/backend/ --listen=unix:///var/snap/microk8s/8702/var/kubernetes/backend/kine.sock:12379
root        6929  1.2  0.4 3346952 79564 ?       Sl   21:50   0:58 calico-node -felix
root         264  0.7  0.3 3258448 60764 ?       Ssl  21:50   0:32 /snap/microk8s/8702/bin/containerd --config /var/snap/microk8s/8702/args/containerd.toml --root /var/snap/microk8s/common/var/lib/containerd --state /var/snap/microk8s/common/run/containerd --address /var/snap/microk8s/common/run/containerd.sock

Top Memory Processes:
USER         PID %CPU %MEM    VSZ   RSS TTY      STAT START   TIME COMMAND
root        1416  4.4  2.4 1615120 391448 ?      Ssl  21:50   3:23 /snap/microk8s/8702/kubelite --scheduler-args-file=/var/snap/microk8s/8702/args/kube-scheduler --controller-manager-args-file=/var/snap/microk8s/8702/args/kube-controller-manager --proxy-args-file=/var/snap/microk8s/8702/args/kube-proxy --kubelet-args-file=/var/snap/microk8s/8702/args/kubelet --apiserver-args-file=/var/snap/microk8s/8702/args/kube-apiserver --kubeconfig-file=/var/snap/microk8s/8702/credentials/client.config --start-control-plane=true
root         268  1.3  1.8 1559104 295552 ?      Ssl  21:50   1:01 /snap/microk8s/8702/bin/k8s-dqlite --storage-dir=/var/snap/microk8s/8702/var/kubernetes/backend/ --listen=unix:///var/snap/microk8s/8702/var/kubernetes/backend/kine.sock:12379
root         443  0.0  0.5 2427172 84968 ?       Ssl  21:50   0:00 /usr/bin/dockerd -H fd:// --containerd=/run/containerd/containerd.sock
root        6929  1.2  0.4 3346952 79564 ?       Sl   21:50   0:58 calico-node -felix
root        6932  0.0  0.4 2607584 67960 ?       Sl   21:50   0:00 calico-node -allocate-tunnel-addrs

Health check completed.
======================================
Health Check Report - 2026-06-14 23:13:21
======================================
Uptime:
 23:13:21 up  1:23,  1 user,  load average: 0.16, 0.18, 0.22

Disk Usage:
Filesystem      Size  Used Avail Use% Mounted on
none            7.8G     0  7.8G   0% /usr/lib/modules/6.18.33.1-microsoft-standard-WSL2
none            7.8G  4.0K  7.8G   1% /mnt/wsl
drivers         931G  854G   77G  92% /usr/lib/wsl/drivers
/dev/sde       1007G   19G  938G   2% /
none            7.8G   44K  7.8G   1% /mnt/wslg
none            7.8G     0  7.8G   0% /usr/lib/wsl/lib
rootfs          7.8G  2.8M  7.8G   1% /init
none            7.8G  1.4M  7.8G   1% /run
none            7.8G     0  7.8G   0% /run/lock
none            7.8G     0  7.8G   0% /run/shm
none            7.8G   80K  7.8G   1% /mnt/wslg/versions.txt
none            7.8G   80K  7.8G   1% /mnt/wslg/doc
C:\             931G  854G   77G  92% /mnt/c
E:\             500M   33M  468M   7% /mnt/e
F:\             465G  232G  234G  50% /mnt/f
snapfuse        165M  165M     0 100% /snap/microk8s/8511
snapfuse         64M   64M     0 100% /snap/core20/2769
snapfuse         64M   64M     0 100% /snap/core20/2686
snapfuse         49M   49M     0 100% /snap/snapd/26382
snapfuse        165M  165M     0 100% /snap/microk8s/8702
snapfuse         50M   50M     0 100% /snap/snapd/26865
tmpfs           1.6G   20K  1.6G   1% /run/user/1006
shm              64M     0   64M   0% /var/snap/microk8s/common/run/containerd/io.containerd.grpc.v1.cri/sandboxes/53ff1580e05f8d4d4465cfbdf5b063d68d970ccef311fb1b935c9c7a77e3bf2a/shm
shm              64M     0   64M   0% /var/snap/microk8s/common/run/containerd/io.containerd.grpc.v1.cri/sandboxes/c6b32d542a96925ee3a5b5b293613ac275b1b34cfe11e9898ac877836a07d5d5/shm
shm              64M     0   64M   0% /var/snap/microk8s/common/run/containerd/io.containerd.grpc.v1.cri/sandboxes/c19ea26f428e5466f9b9c2d1eb634e6cd305b2dd36494c1a9b53e83832f2a133/shm
shm              64M     0   64M   0% /var/snap/microk8s/common/run/containerd/io.containerd.grpc.v1.cri/sandboxes/89624afb4e3f9d2958ff455e9761de5e56bf04cb438b836793e6bb0b4f900480/shm
shm              64M     0   64M   0% /var/snap/microk8s/common/run/containerd/io.containerd.grpc.v1.cri/sandboxes/83d24b4aee0dd9d4b7d1b77c264ce13df004a74c7769aa9d09612f341eac96eb/shm
shm              64M     0   64M   0% /var/snap/microk8s/common/run/containerd/io.containerd.grpc.v1.cri/sandboxes/ea9c7221b30c97f0f0bc5ca8a7c1278dfa277c79aad651908087d1d1fe33848c/shm
shm              64M     0   64M   0% /var/snap/microk8s/common/run/containerd/io.containerd.grpc.v1.cri/sandboxes/afd6fae25680f002f84ff05147b1bde869c3ea4480966cd1aa0b268a961f5549/shm
shm              64M     0   64M   0% /var/snap/microk8s/common/run/containerd/io.containerd.grpc.v1.cri/sandboxes/fc04946b240efc53d1370bc7bed22536e934e59794ab70bd2f59b48d4c411c61/shm

Memory Usage:
               total        used        free      shared  buff/cache   available
Mem:            15Gi       1.9Gi        12Gi       5.1Mi       963Mi        13Gi
Swap:          4.0Gi        64Ki       4.0Gi

Top CPU Processes:
USER         PID %CPU %MEM    VSZ   RSS TTY      STAT START   TIME COMMAND
root        1416  4.3  2.4 1615376 392248 ?      Ssl  21:50   3:38 /snap/microk8s/8702/kubelite --scheduler-args-file=/var/snap/microk8s/8702/args/kube-scheduler --controller-manager-args-file=/var/snap/microk8s/8702/args/kube-controller-manager --proxy-args-file=/var/snap/microk8s/8702/args/kube-proxy --kubelet-args-file=/var/snap/microk8s/8702/args/kubelet --apiserver-args-file=/var/snap/microk8s/8702/args/kube-apiserver --kubeconfig-file=/var/snap/microk8s/8702/credentials/client.config --start-control-plane=true
root         120  1.3  0.0 751056 12432 ?        Ssl  21:49   1:07 snapfuse /var/lib/snapd/snaps/core20_2769.snap /snap/core20/2769 -o ro,nodev,allow_other,suid
root         268  1.3  1.8 1557932 293440 ?      Ssl  21:49   1:06 /snap/microk8s/8702/bin/k8s-dqlite --storage-dir=/var/snap/microk8s/8702/var/kubernetes/backend/ --listen=unix:///var/snap/microk8s/8702/var/kubernetes/backend/kine.sock:12379
root        6929  1.2  0.4 3346952 79804 ?       Sl   21:50   1:02 calico-node -felix
root         264  0.7  0.3 3258448 61424 ?       Ssl  21:49   0:35 /snap/microk8s/8702/bin/containerd --config /var/snap/microk8s/8702/args/containerd.toml --root /var/snap/microk8s/common/var/lib/containerd --state /var/snap/microk8s/common/run/containerd --address /var/snap/microk8s/common/run/containerd.sock

Top Memory Processes:
USER         PID %CPU %MEM    VSZ   RSS TTY      STAT START   TIME COMMAND
root        1416  4.3  2.4 1615376 392248 ?      Ssl  21:50   3:38 /snap/microk8s/8702/kubelite --scheduler-args-file=/var/snap/microk8s/8702/args/kube-scheduler --controller-manager-args-file=/var/snap/microk8s/8702/args/kube-controller-manager --proxy-args-file=/var/snap/microk8s/8702/args/kube-proxy --kubelet-args-file=/var/snap/microk8s/8702/args/kubelet --apiserver-args-file=/var/snap/microk8s/8702/args/kube-apiserver --kubeconfig-file=/var/snap/microk8s/8702/credentials/client.config --start-control-plane=true
root         268  1.3  1.8 1557932 293440 ?      Ssl  21:49   1:06 /snap/microk8s/8702/bin/k8s-dqlite --storage-dir=/var/snap/microk8s/8702/var/kubernetes/backend/ --listen=unix:///var/snap/microk8s/8702/var/kubernetes/backend/kine.sock:12379
root         443  0.0  0.5 2427172 84968 ?       Ssl  21:49   0:00 /usr/bin/dockerd -H fd:// --containerd=/run/containerd/containerd.sock
root        6929  1.2  0.4 3346952 79804 ?       Sl   21:50   1:02 calico-node -felix
root        6932  0.0  0.4 2607584 67960 ?       Sl   21:50   0:00 calico-node -allocate-tunnel-addrs

Health check completed.
